              [38;5;127mapps[0m/[38;5;172manaconda3[0m/[38;5;67m2024.10[0m/[38;5;68mbin[0m ... UNLOADING --> [0;32mOK[0m
[38;5;127mlibs[0m/[38;5;172mnvidia-cuda[0m/[38;5;67m12.8.0[0m/[38;5;68mbin[0m
 |
 [0;32mOK[0m
[38;5;127mapps[0m/[38;5;172manaconda3[0m/[38;5;67m2024.10[0m/[38;5;68mbin[0m
 |
 [0;32mOK[0m
Channels:
 - defaults
 - conda-forge
 - metatensor
Platform: linux-64
Collecting package metadata (repodata.json): ...working... done
Solving environment: ...working... done

## Package Plan ##

  environment location: /users/pahlawat/.conda/envs/pet-mad

  added / updated specs:
    - spglib


The following packages will be downloaded:

    package                    |            build
    ---------------------------|-----------------
    importlib-resources-6.5.2  |     pyhd8ed1ab_0           9 KB  conda-forge
    spglib-2.6.0               |  py312hf57cbc4_0         331 KB  conda-forge
    ------------------------------------------------------------
                                           Total:         341 KB

The following NEW packages will be INSTALLED:

  importlib-resourc~ conda-forge/noarch::importlib-resources-6.5.2-pyhd8ed1ab_0 
  spglib             conda-forge/linux-64::spglib-2.6.0-py312hf57cbc4_0 


Proceed ([y]/n)? 

Downloading and Extracting Packages: ...working... done
Preparing transaction: ...working... done
Verifying transaction: ...working... done
Executing transaction: ...working... done
