              [38;5;127mapps[0m/[38;5;172manaconda3[0m/[38;5;67m2024.10[0m/[38;5;68mbin[0m ... UNLOADING --> [0;32mOK[0m
[38;5;127mlibs[0m/[38;5;172mnvidia-cuda[0m/[38;5;67m12.8.0[0m/[38;5;68mbin[0m
 |
 [0;32mOK[0m
[38;5;127mapps[0m/[38;5;172manaconda3[0m/[38;5;67m2024.10[0m/[38;5;68mbin[0m
 |
 [0;32mOK[0m
Channels:
 - defaults
 - conda-forge
 - metatensor
Platform: linux-64
Collecting package metadata (repodata.json): ...working... done
Solving environment: ...working... done

## Package Plan ##

  environment location: /users/pahlawat/.conda/envs/pet-mad

  added / updated specs:
    - ase


The following packages will be downloaded:

    package                    |            build
    ---------------------------|-----------------
    ca-certificates-2025.2.25  |       h06a4308_0         129 KB
    certifi-2025.1.31          |  py312h06a4308_0         162 KB
    ------------------------------------------------------------
                                           Total:         292 KB

The following packages will be UPDATED:

  ca-certificates    conda-forge::ca-certificates-2025.1.3~ --> pkgs/main::ca-certificates-2025.2.25-h06a4308_0 

The following packages will be SUPERSEDED by a higher-priority channel:

  certifi            conda-forge/noarch::certifi-2025.1.31~ --> pkgs/main/linux-64::certifi-2025.1.31-py312h06a4308_0 


Proceed ([y]/n)? 

Downloading and Extracting Packages: ...working... done
Preparing transaction: ...working... done
Verifying transaction: ...working... done
Executing transaction: ...working... done
