[38;5;127mpython3[0m/[38;5;172m3.10.5[0m/[38;5;67mgcc-9.3.0[0m
 |
 [0;32mOK[0m
[38;5;127mgcc[0m/[38;5;172m9.3.0[0m
 |
 [0;32mOK[0m
[38;5;127mlibs[0m/[38;5;172mnvidia-cuda[0m/[38;5;67m12.4.0[0m/[38;5;68mbin[0m
 |
 [0;32mOK[0m
/mnt/scratch2/q13camb_scratch/perovskites/installation_stuff/packages/fairchem/lib/python3.10/site-packages/ase/io/cif.py:410: UserWarning: crystal system 'tetragonal' is not interpreted for space group Spacegroup(127, setting=1). This may result in wrong setting!
  warnings.warn(
/mnt/scratch2/q13camb_scratch/perovskites/installation_stuff/packages/installation/fairchem/src/fairchem/core/models/escn/so3.py:23: FutureWarning: You are using `torch.load` with `weights_only=False` (the current default value), which uses the default pickle module implicitly. It is possible to construct malicious pickle data which will execute arbitrary code during unpickling (See https://github.com/pytorch/pytorch/blob/main/SECURITY.md#untrusted-models for more details). In a future release, the default value for `weights_only` will be flipped to `True`. This limits the functions that could be executed during unpickling. Arbitrary objects will no longer be allowed to be loaded via this mode unless they are explicitly allowlisted by the user via `torch.serialization.add_safe_globals`. We recommend you start setting `weights_only=True` for any use case where you don't have full control of the loaded file. Please open an issue on GitHub for any issues related to this experimental feature.
  _Jd = torch.load(os.path.join(os.path.dirname(__file__), "Jd.pt"))
/mnt/scratch2/q13camb_scratch/perovskites/installation_stuff/packages/installation/fairchem/src/fairchem/core/models/scn/spherical_harmonics.py:23: FutureWarning: You are using `torch.load` with `weights_only=False` (the current default value), which uses the default pickle module implicitly. It is possible to construct malicious pickle data which will execute arbitrary code during unpickling (See https://github.com/pytorch/pytorch/blob/main/SECURITY.md#untrusted-models for more details). In a future release, the default value for `weights_only` will be flipped to `True`. This limits the functions that could be executed during unpickling. Arbitrary objects will no longer be allowed to be loaded via this mode unless they are explicitly allowlisted by the user via `torch.serialization.add_safe_globals`. We recommend you start setting `weights_only=True` for any use case where you don't have full control of the loaded file. Please open an issue on GitHub for any issues related to this experimental feature.
  _Jd = torch.load(os.path.join(os.path.dirname(__file__), "Jd.pt"))
/mnt/scratch2/q13camb_scratch/perovskites/installation_stuff/packages/installation/fairchem/src/fairchem/core/models/equiformer_v2/wigner.py:10: FutureWarning: You are using `torch.load` with `weights_only=False` (the current default value), which uses the default pickle module implicitly. It is possible to construct malicious pickle data which will execute arbitrary code during unpickling (See https://github.com/pytorch/pytorch/blob/main/SECURITY.md#untrusted-models for more details). In a future release, the default value for `weights_only` will be flipped to `True`. This limits the functions that could be executed during unpickling. Arbitrary objects will no longer be allowed to be loaded via this mode unless they are explicitly allowlisted by the user via `torch.serialization.add_safe_globals`. We recommend you start setting `weights_only=True` for any use case where you don't have full control of the loaded file. Please open an issue on GitHub for any issues related to this experimental feature.
  _Jd = torch.load(os.path.join(os.path.dirname(__file__), "Jd.pt"))
/mnt/scratch2/q13camb_scratch/perovskites/installation_stuff/packages/installation/fairchem/src/fairchem/core/common/relaxation/ase_utils.py:200: FutureWarning: You are using `torch.load` with `weights_only=False` (the current default value), which uses the default pickle module implicitly. It is possible to construct malicious pickle data which will execute arbitrary code during unpickling (See https://github.com/pytorch/pytorch/blob/main/SECURITY.md#untrusted-models for more details). In a future release, the default value for `weights_only` will be flipped to `True`. This limits the functions that could be executed during unpickling. Arbitrary objects will no longer be allowed to be loaded via this mode unless they are explicitly allowlisted by the user via `torch.serialization.add_safe_globals`. We recommend you start setting `weights_only=True` for any use case where you don't have full control of the loaded file. Please open an issue on GitHub for any issues related to this experimental feature.
  checkpoint = torch.load(checkpoint_path, map_location=torch.device("cpu"))
INFO:root:local rank base: 0
INFO:root:amp: false
cmd:
  checkpoint_dir: /mnt/scratch2/q13camb_scratch/perovskites/CsPbI3_relaxed_structures/eSEN/without_symmetries/beta/checkpoints/2025-04-18-18-04-00
  commit: core:31c09639,experimental:NA
  identifier: ''
  logs_dir: /mnt/scratch2/q13camb_scratch/perovskites/CsPbI3_relaxed_structures/eSEN/without_symmetries/beta/logs/wandb/2025-04-18-18-04-00
  print_every: 100
  results_dir: /mnt/scratch2/q13camb_scratch/perovskites/CsPbI3_relaxed_structures/eSEN/without_symmetries/beta/results/2025-04-18-18-04-00
  seed: null
  timestamp_id: 2025-04-18-18-04-00
  version: 1.9.1.dev19+g31c09639
dataset:
  a2g_args:
    r_energy: true
    r_forces: true
    r_stress: true
  format: ase_db
  metadata_path: ''
  transforms:
    element_references: ''
    normalizer:
      energy:
        mean: 0.0
        stdev: 0.6274358
      forces:
        mean: 0.0
        stdev: 0.6274358
      stress:
        mean: 0.0
        stdev: 0.6274358
evaluation_metrics:
  metrics:
    energy:
    - mae
    - per_atom_mae
    forces:
    - mae
    - cosine_similarity
    stress:
    - mae
  primary_metric: forces_mae
gp_gpus: null
gpus: 1
logger: wandb
loss_functions:
- energy:
    coefficient: 20
    fn: per_atom_mae
- forces:
    coefficient: 20
    fn: l2mae
- stress:
    coefficient: 5
    fn: mae
model:
  backbone:
    act_type: gate
    cutoff: 6.0
    direct_forces: false
    distance_function: gaussian
    edge_channels: 128
    hidden_channels: 128
    lmax: 3
    max_neighbors: 300
    max_num_elements: 100
    mlp_type: spectral
    mmax: 2
    model: esen_backbone
    norm_type: rms_norm_sh
    num_distance_basis: 64
    num_layers: 10
    otf_graph: true
    regress_forces: true
    regress_stress: true
    sphere_channels: 128
    use_envelope: true
    use_pbc: true
    use_pbc_single: true
  heads:
    mptrj:
      module: esen_mlp_efs_head
  name: hydra
  otf_graph: true
  pass_through_head_outputs: true
optim:
  batch_size: 4
  clip_grad_norm: 100
  ema_decay: 0.999
  eval_batch_size: 4
  eval_every: 5000
  load_balancing: atoms
  lr_initial: 0.0004
  max_epochs: 1
  num_workers: 4
  optimizer: AdamW
  optimizer_params:
    weight_decay: 0.001
  scheduler: LambdaLR
  scheduler_params:
    epochs: 85271
    lambda_type: cosine
    lr: 0.0004
    lr_min_factor: 0.1
    warmup_epochs: 8527
    warmup_factor: 0.2
outputs:
  energy:
    level: system
    property: energy
  forces:
    eval_on_free_atoms: true
    level: atom
    property: forces
    train_on_free_atoms: true
  stress:
    level: system
    property: stress
relax_dataset: {}
slurm: {}
task: {}
test_dataset: {}
trainer: ocp
val_dataset: {}

INFO:root:Loading model: hydra
/mnt/scratch2/q13camb_scratch/perovskites/installation_stuff/packages/installation/fairchem/src/fairchem/core/models/esen/esen.py:91: FutureWarning: You are using `torch.load` with `weights_only=False` (the current default value), which uses the default pickle module implicitly. It is possible to construct malicious pickle data which will execute arbitrary code during unpickling (See https://github.com/pytorch/pytorch/blob/main/SECURITY.md#untrusted-models for more details). In a future release, the default value for `weights_only` will be flipped to `True`. This limits the functions that could be executed during unpickling. Arbitrary objects will no longer be allowed to be loaded via this mode unless they are explicitly allowlisted by the user via `torch.serialization.add_safe_globals`. We recommend you start setting `weights_only=True` for any use case where you don't have full control of the loaded file. Please open an issue on GitHub for any issues related to this experimental feature.
  Jd_list = torch.load(os.path.join(os.path.dirname(__file__), "Jd.pt"))
INFO:root:Loaded HydraModel with 30161153 parameters.
INFO:root:Loading checkpoint in inference-only mode, not loading keys associated with trainer state!
/mnt/scratch2/q13camb_scratch/perovskites/installation_stuff/packages/fairchem/lib/python3.10/site-packages/ase/filters.py:606: RuntimeWarning: logm result may be inaccurate, approximate err = 2.819366435999621e-13
  pos[natoms:] = self.logm(pos[natoms:]) * self.exp_cell_factor
/mnt/scratch2/q13camb_scratch/perovskites/installation_stuff/packages/fairchem/lib/python3.10/site-packages/ase/filters.py:606: RuntimeWarning: logm result may be inaccurate, approximate err = 2.7115603357951126e-13
  pos[natoms:] = self.logm(pos[natoms:]) * self.exp_cell_factor
/mnt/scratch2/q13camb_scratch/perovskites/installation_stuff/packages/fairchem/lib/python3.10/site-packages/ase/filters.py:606: RuntimeWarning: logm result may be inaccurate, approximate err = 2.789284125680305e-13
  pos[natoms:] = self.logm(pos[natoms:]) * self.exp_cell_factor
/mnt/scratch2/q13camb_scratch/perovskites/installation_stuff/packages/fairchem/lib/python3.10/site-packages/ase/filters.py:606: RuntimeWarning: logm result may be inaccurate, approximate err = 2.819100183119356e-13
  pos[natoms:] = self.logm(pos[natoms:]) * self.exp_cell_factor
/mnt/scratch2/q13camb_scratch/perovskites/installation_stuff/packages/fairchem/lib/python3.10/site-packages/ase/filters.py:606: RuntimeWarning: logm result may be inaccurate, approximate err = 2.8123254898795786e-13
  pos[natoms:] = self.logm(pos[natoms:]) * self.exp_cell_factor
/mnt/scratch2/q13camb_scratch/perovskites/installation_stuff/packages/fairchem/lib/python3.10/site-packages/ase/filters.py:606: RuntimeWarning: logm result may be inaccurate, approximate err = 2.836430931614354e-13
  pos[natoms:] = self.logm(pos[natoms:]) * self.exp_cell_factor
/mnt/scratch2/q13camb_scratch/perovskites/installation_stuff/packages/fairchem/lib/python3.10/site-packages/ase/filters.py:606: RuntimeWarning: logm result may be inaccurate, approximate err = 2.8770292723585324e-13
  pos[natoms:] = self.logm(pos[natoms:]) * self.exp_cell_factor
/mnt/scratch2/q13camb_scratch/perovskites/installation_stuff/packages/fairchem/lib/python3.10/site-packages/ase/filters.py:606: RuntimeWarning: logm result may be inaccurate, approximate err = 2.816685811061492e-13
  pos[natoms:] = self.logm(pos[natoms:]) * self.exp_cell_factor
/mnt/scratch2/q13camb_scratch/perovskites/installation_stuff/packages/fairchem/lib/python3.10/site-packages/ase/filters.py:606: RuntimeWarning: logm result may be inaccurate, approximate err = 2.805913751847763e-13
  pos[natoms:] = self.logm(pos[natoms:]) * self.exp_cell_factor
/mnt/scratch2/q13camb_scratch/perovskites/installation_stuff/packages/fairchem/lib/python3.10/site-packages/ase/filters.py:606: RuntimeWarning: logm result may be inaccurate, approximate err = 2.8262241226229255e-13
  pos[natoms:] = self.logm(pos[natoms:]) * self.exp_cell_factor
/mnt/scratch2/q13camb_scratch/perovskites/installation_stuff/packages/fairchem/lib/python3.10/site-packages/ase/filters.py:606: RuntimeWarning: logm result may be inaccurate, approximate err = 2.858214743039618e-13
  pos[natoms:] = self.logm(pos[natoms:]) * self.exp_cell_factor
/mnt/scratch2/q13camb_scratch/perovskites/installation_stuff/packages/fairchem/lib/python3.10/site-packages/ase/filters.py:606: RuntimeWarning: logm result may be inaccurate, approximate err = 2.9189240800473786e-13
  pos[natoms:] = self.logm(pos[natoms:]) * self.exp_cell_factor
/mnt/scratch2/q13camb_scratch/perovskites/installation_stuff/packages/fairchem/lib/python3.10/site-packages/ase/filters.py:606: RuntimeWarning: logm result may be inaccurate, approximate err = 2.8492761258991496e-13
  pos[natoms:] = self.logm(pos[natoms:]) * self.exp_cell_factor
/mnt/scratch2/q13camb_scratch/perovskites/installation_stuff/packages/fairchem/lib/python3.10/site-packages/ase/filters.py:606: RuntimeWarning: logm result may be inaccurate, approximate err = 2.87489251546264e-13
  pos[natoms:] = self.logm(pos[natoms:]) * self.exp_cell_factor
/mnt/scratch2/q13camb_scratch/perovskites/installation_stuff/packages/fairchem/lib/python3.10/site-packages/ase/filters.py:606: RuntimeWarning: logm result may be inaccurate, approximate err = 2.857078607475208e-13
  pos[natoms:] = self.logm(pos[natoms:]) * self.exp_cell_factor
/mnt/scratch2/q13camb_scratch/perovskites/installation_stuff/packages/fairchem/lib/python3.10/site-packages/ase/filters.py:606: RuntimeWarning: logm result may be inaccurate, approximate err = 2.8957954682426345e-13
  pos[natoms:] = self.logm(pos[natoms:]) * self.exp_cell_factor
/mnt/scratch2/q13camb_scratch/perovskites/installation_stuff/packages/fairchem/lib/python3.10/site-packages/ase/filters.py:606: RuntimeWarning: logm result may be inaccurate, approximate err = 2.909177129106323e-13
  pos[natoms:] = self.logm(pos[natoms:]) * self.exp_cell_factor
/mnt/scratch2/q13camb_scratch/perovskites/installation_stuff/packages/fairchem/lib/python3.10/site-packages/ase/filters.py:606: RuntimeWarning: logm result may be inaccurate, approximate err = 2.893738551229803e-13
  pos[natoms:] = self.logm(pos[natoms:]) * self.exp_cell_factor
/mnt/scratch2/q13camb_scratch/perovskites/installation_stuff/packages/fairchem/lib/python3.10/site-packages/ase/filters.py:606: RuntimeWarning: logm result may be inaccurate, approximate err = 2.9135634907464227e-13
  pos[natoms:] = self.logm(pos[natoms:]) * self.exp_cell_factor
/mnt/scratch2/q13camb_scratch/perovskites/installation_stuff/packages/fairchem/lib/python3.10/site-packages/ase/filters.py:606: RuntimeWarning: logm result may be inaccurate, approximate err = 2.9359647310172355e-13
  pos[natoms:] = self.logm(pos[natoms:]) * self.exp_cell_factor
/mnt/scratch2/q13camb_scratch/perovskites/installation_stuff/packages/fairchem/lib/python3.10/site-packages/ase/filters.py:606: RuntimeWarning: logm result may be inaccurate, approximate err = 2.910256323246837e-13
  pos[natoms:] = self.logm(pos[natoms:]) * self.exp_cell_factor
/mnt/scratch2/q13camb_scratch/perovskites/installation_stuff/packages/fairchem/lib/python3.10/site-packages/ase/filters.py:606: RuntimeWarning: logm result may be inaccurate, approximate err = 2.938476951559699e-13
  pos[natoms:] = self.logm(pos[natoms:]) * self.exp_cell_factor
/mnt/scratch2/q13camb_scratch/perovskites/installation_stuff/packages/fairchem/lib/python3.10/site-packages/ase/filters.py:606: RuntimeWarning: logm result may be inaccurate, approximate err = 2.8791859807519343e-13
  pos[natoms:] = self.logm(pos[natoms:]) * self.exp_cell_factor
/mnt/scratch2/q13camb_scratch/perovskites/installation_stuff/packages/fairchem/lib/python3.10/site-packages/ase/filters.py:606: RuntimeWarning: logm result may be inaccurate, approximate err = 2.9168931162490637e-13
  pos[natoms:] = self.logm(pos[natoms:]) * self.exp_cell_factor
/mnt/scratch2/q13camb_scratch/perovskites/installation_stuff/packages/fairchem/lib/python3.10/site-packages/ase/filters.py:606: RuntimeWarning: logm result may be inaccurate, approximate err = 2.924219160815085e-13
  pos[natoms:] = self.logm(pos[natoms:]) * self.exp_cell_factor
/mnt/scratch2/q13camb_scratch/perovskites/installation_stuff/packages/fairchem/lib/python3.10/site-packages/ase/filters.py:606: RuntimeWarning: logm result may be inaccurate, approximate err = 2.850554636283449e-13
  pos[natoms:] = self.logm(pos[natoms:]) * self.exp_cell_factor
/mnt/scratch2/q13camb_scratch/perovskites/installation_stuff/packages/fairchem/lib/python3.10/site-packages/ase/filters.py:606: RuntimeWarning: logm result may be inaccurate, approximate err = 2.8693340655471187e-13
  pos[natoms:] = self.logm(pos[natoms:]) * self.exp_cell_factor
/mnt/scratch2/q13camb_scratch/perovskites/installation_stuff/packages/fairchem/lib/python3.10/site-packages/ase/filters.py:606: RuntimeWarning: logm result may be inaccurate, approximate err = 2.8635974341670135e-13
  pos[natoms:] = self.logm(pos[natoms:]) * self.exp_cell_factor
/mnt/scratch2/q13camb_scratch/perovskites/installation_stuff/packages/fairchem/lib/python3.10/site-packages/ase/filters.py:606: RuntimeWarning: logm result may be inaccurate, approximate err = 2.890862793290257e-13
  pos[natoms:] = self.logm(pos[natoms:]) * self.exp_cell_factor
/mnt/scratch2/q13camb_scratch/perovskites/installation_stuff/packages/fairchem/lib/python3.10/site-packages/ase/filters.py:606: RuntimeWarning: logm result may be inaccurate, approximate err = 2.8770270327247006e-13
  pos[natoms:] = self.logm(pos[natoms:]) * self.exp_cell_factor
/mnt/scratch2/q13camb_scratch/perovskites/installation_stuff/packages/fairchem/lib/python3.10/site-packages/ase/filters.py:606: RuntimeWarning: logm result may be inaccurate, approximate err = 2.8989857077664984e-13
  pos[natoms:] = self.logm(pos[natoms:]) * self.exp_cell_factor
/mnt/scratch2/q13camb_scratch/perovskites/installation_stuff/packages/fairchem/lib/python3.10/site-packages/ase/filters.py:606: RuntimeWarning: logm result may be inaccurate, approximate err = 2.940204020577146e-13
  pos[natoms:] = self.logm(pos[natoms:]) * self.exp_cell_factor
/mnt/scratch2/q13camb_scratch/perovskites/installation_stuff/packages/fairchem/lib/python3.10/site-packages/ase/filters.py:606: RuntimeWarning: logm result may be inaccurate, approximate err = 2.906856633009208e-13
  pos[natoms:] = self.logm(pos[natoms:]) * self.exp_cell_factor
/mnt/scratch2/q13camb_scratch/perovskites/installation_stuff/packages/fairchem/lib/python3.10/site-packages/ase/filters.py:606: RuntimeWarning: logm result may be inaccurate, approximate err = 2.87114646774542e-13
  pos[natoms:] = self.logm(pos[natoms:]) * self.exp_cell_factor
/mnt/scratch2/q13camb_scratch/perovskites/installation_stuff/packages/fairchem/lib/python3.10/site-packages/ase/filters.py:606: RuntimeWarning: logm result may be inaccurate, approximate err = 2.9003380315951843e-13
  pos[natoms:] = self.logm(pos[natoms:]) * self.exp_cell_factor
/mnt/scratch2/q13camb_scratch/perovskites/installation_stuff/packages/fairchem/lib/python3.10/site-packages/ase/filters.py:606: RuntimeWarning: logm result may be inaccurate, approximate err = 2.875611354111544e-13
  pos[natoms:] = self.logm(pos[natoms:]) * self.exp_cell_factor
/mnt/scratch2/q13camb_scratch/perovskites/installation_stuff/packages/fairchem/lib/python3.10/site-packages/ase/filters.py:606: RuntimeWarning: logm result may be inaccurate, approximate err = 2.946912847406566e-13
  pos[natoms:] = self.logm(pos[natoms:]) * self.exp_cell_factor
/mnt/scratch2/q13camb_scratch/perovskites/installation_stuff/packages/fairchem/lib/python3.10/site-packages/ase/filters.py:606: RuntimeWarning: logm result may be inaccurate, approximate err = 2.8901810032460364e-13
  pos[natoms:] = self.logm(pos[natoms:]) * self.exp_cell_factor
/mnt/scratch2/q13camb_scratch/perovskites/installation_stuff/packages/fairchem/lib/python3.10/site-packages/ase/filters.py:606: RuntimeWarning: logm result may be inaccurate, approximate err = 2.913575009095767e-13
  pos[natoms:] = self.logm(pos[natoms:]) * self.exp_cell_factor
/mnt/scratch2/q13camb_scratch/perovskites/installation_stuff/packages/fairchem/lib/python3.10/site-packages/ase/filters.py:606: RuntimeWarning: logm result may be inaccurate, approximate err = 2.8285123127735174e-13
  pos[natoms:] = self.logm(pos[natoms:]) * self.exp_cell_factor
/mnt/scratch2/q13camb_scratch/perovskites/installation_stuff/packages/fairchem/lib/python3.10/site-packages/ase/filters.py:606: RuntimeWarning: logm result may be inaccurate, approximate err = 2.918260159415246e-13
  pos[natoms:] = self.logm(pos[natoms:]) * self.exp_cell_factor
/mnt/scratch2/q13camb_scratch/perovskites/installation_stuff/packages/fairchem/lib/python3.10/site-packages/ase/filters.py:606: RuntimeWarning: logm result may be inaccurate, approximate err = 2.888960602471911e-13
  pos[natoms:] = self.logm(pos[natoms:]) * self.exp_cell_factor
/mnt/scratch2/q13camb_scratch/perovskites/installation_stuff/packages/fairchem/lib/python3.10/site-packages/ase/filters.py:606: RuntimeWarning: logm result may be inaccurate, approximate err = 2.9300605585304446e-13
  pos[natoms:] = self.logm(pos[natoms:]) * self.exp_cell_factor
/mnt/scratch2/q13camb_scratch/perovskites/installation_stuff/packages/fairchem/lib/python3.10/site-packages/ase/filters.py:606: RuntimeWarning: logm result may be inaccurate, approximate err = 2.9077525279049676e-13
  pos[natoms:] = self.logm(pos[natoms:]) * self.exp_cell_factor
/mnt/scratch2/q13camb_scratch/perovskites/installation_stuff/packages/fairchem/lib/python3.10/site-packages/ase/filters.py:606: RuntimeWarning: logm result may be inaccurate, approximate err = 2.9006361185181477e-13
  pos[natoms:] = self.logm(pos[natoms:]) * self.exp_cell_factor
/mnt/scratch2/q13camb_scratch/perovskites/installation_stuff/packages/fairchem/lib/python3.10/site-packages/ase/filters.py:606: RuntimeWarning: logm result may be inaccurate, approximate err = 2.941549156666595e-13
  pos[natoms:] = self.logm(pos[natoms:]) * self.exp_cell_factor
/mnt/scratch2/q13camb_scratch/perovskites/installation_stuff/packages/fairchem/lib/python3.10/site-packages/ase/filters.py:606: RuntimeWarning: logm result may be inaccurate, approximate err = 2.924604525551277e-13
  pos[natoms:] = self.logm(pos[natoms:]) * self.exp_cell_factor
/mnt/scratch2/q13camb_scratch/perovskites/installation_stuff/packages/fairchem/lib/python3.10/site-packages/ase/filters.py:606: RuntimeWarning: logm result may be inaccurate, approximate err = 2.876622983411928e-13
  pos[natoms:] = self.logm(pos[natoms:]) * self.exp_cell_factor
/mnt/scratch2/q13camb_scratch/perovskites/installation_stuff/packages/fairchem/lib/python3.10/site-packages/ase/filters.py:606: RuntimeWarning: logm result may be inaccurate, approximate err = 2.925247898091021e-13
  pos[natoms:] = self.logm(pos[natoms:]) * self.exp_cell_factor
/mnt/scratch2/q13camb_scratch/perovskites/installation_stuff/packages/fairchem/lib/python3.10/site-packages/ase/filters.py:606: RuntimeWarning: logm result may be inaccurate, approximate err = 2.885381349474459e-13
  pos[natoms:] = self.logm(pos[natoms:]) * self.exp_cell_factor
/mnt/scratch2/q13camb_scratch/perovskites/installation_stuff/packages/fairchem/lib/python3.10/site-packages/ase/filters.py:606: RuntimeWarning: logm result may be inaccurate, approximate err = 2.891975997666523e-13
  pos[natoms:] = self.logm(pos[natoms:]) * self.exp_cell_factor
/mnt/scratch2/q13camb_scratch/perovskites/installation_stuff/packages/fairchem/lib/python3.10/site-packages/ase/filters.py:606: RuntimeWarning: logm result may be inaccurate, approximate err = 2.88087428713468e-13
  pos[natoms:] = self.logm(pos[natoms:]) * self.exp_cell_factor
/mnt/scratch2/q13camb_scratch/perovskites/installation_stuff/packages/fairchem/lib/python3.10/site-packages/ase/filters.py:606: RuntimeWarning: logm result may be inaccurate, approximate err = 2.927489281655855e-13
  pos[natoms:] = self.logm(pos[natoms:]) * self.exp_cell_factor
/mnt/scratch2/q13camb_scratch/perovskites/installation_stuff/packages/fairchem/lib/python3.10/site-packages/ase/filters.py:606: RuntimeWarning: logm result may be inaccurate, approximate err = 2.8743662108069775e-13
  pos[natoms:] = self.logm(pos[natoms:]) * self.exp_cell_factor
